./mvnw : WARNING: A 
terminally deprecated 
method in 
sun.misc.Unsafe has 
been called
At line:1 char:1
+ ./mvnw clean install 
-DskipTests > 
build_output.txt 2>&1
+ ~~~~~~~~~~~~~~~~~~~~~
~~~~~~~~~~~~~~~~~~~~~~~
~~~~~~~~~~~~
    + CategoryInfo     
         : NotSpecifi  
  ed: (WARNING: A te   
 rm...has been call    
ed:String) [], Rem    
oteException
    + FullyQualifiedEr 
   rorId : NativeComm  
  andError
 
WARNING: sun.misc.Unsaf
e::staticFieldBase has 
been called by com.goog
le.inject.internal.aop.
HiddenClassDefiner (fil
e:/C:/Users/prava/.m2/w
rapper/dists/apache-mav
en-3.9.11/03d7e36a14098
2eea48e22c1dcac01d8862b
2550b2939e09a0809bbc518
2a5bc/lib/guice-5.1.0-c
lasses.jar)
WARNING: Please 
consider reporting 
this to the 
maintainers of class co
m.google.inject.interna
l.aop.HiddenClassDefine
r
WARNING: sun.misc.Unsaf
e::staticFieldBase 
will be removed in a 
future release
[INFO] Scanning for projects...
[INFO] 
[INFO] ----------------------< com.example:online-exam >-----------------------
[INFO] Building online-exam 0.0.1-SNAPSHOT
[INFO]   from pom.xml
[INFO] --------------------------------[ jar ]---------------------------------
[INFO] 
[INFO] --- clean:3.3.2:clean (default-clean) @ online-exam ---
[INFO] Deleting D:\online-exam-system-master\online-exam-system-master\target
[INFO] 
[INFO] --- resources:3.3.1:resources (default-resources) @ online-exam ---
[INFO] Copying 1 resource from src\main\resources to target\classes
[INFO] Copying 27 resources from src\main\resources to target\classes
[INFO] 
[INFO] --- compiler:3.11.0:compile (default-compile) @ online-exam ---
[INFO] Changes detected - recompiling the module! :source
[INFO] Compiling 27 source files with javac [debug release 17] to target\classes
[INFO] -------------------------------------------------------------
[ERROR] COMPILATION ERROR : 
[INFO] -------------------------------------------------------------
[ERROR] /D:/online-exam-system-master/online-exam-system-master/src/main/java/com/example/exam/controller/StudentController.java:[92,38] cannot find symbol
  symbol:   method getTitle()
  location: class com.example.exam.model.Exam
[ERROR] /D:/online-exam-system-master/online-exam-system-master/src/main/java/com/example/exam/controller/StudentController.java:[93,25] incompatible types: inference variable T has incompatible bounds
    equality constraints: java.lang.String
    lower bounds: java.lang.Object
[ERROR] /D:/online-exam-system-master/online-exam-system-master/src/main/java/com/example/exam/controller/ExaminerController.java:[87,17] cannot find symbol
  symbol:   method setDurationInMinutes(int)
  location: variable exam of type com.example.exam.model.Exam
[ERROR] /D:/online-exam-system-master/online-exam-system-master/src/main/java/com/example/exam/controller/ExaminerController.java:[92,18] cannot find symbol
  symbol:   method setExam(com.example.exam.model.Exam)
  location: variable q of type com.example.exam.model.Question
[ERROR] /D:/online-exam-system-master/online-exam-system-master/src/main/java/com/example/exam/service/QuestionGeneratorService.java:[94,14] cannot find symbol
  symbol:   method setText(java.lang.String)
  location: variable q of type com.example.exam.model.Question
[ERROR] /D:/online-exam-system-master/online-exam-system-master/src/main/java/com/example/exam/service/QuestionGeneratorService.java:[95,14] cannot find symbol
  symbol:   method setOption1(java.lang.String)
  location: variable q of type com.example.exam.model.Question
[ERROR] /D:/online-exam-system-master/online-exam-system-master/src/main/java/com/example/exam/service/QuestionGeneratorService.java:[96,14] cannot find symbol
  symbol:   method setOption2(java.lang.String)
  location: variable q of type com.example.exam.model.Question
[ERROR] /D:/online-exam-system-master/online-exam-system-master/src/main/java/com/example/exam/service/QuestionGeneratorService.java:[97,14] cannot find symbol
  symbol:   method setOption3(java.lang.String)
  location: variable q of type com.example.exam.model.Question
[ERROR] /D:/online-exam-system-master/online-exam-system-master/src/main/java/com/example/exam/service/QuestionGeneratorService.java:[98,14] cannot find symbol
  symbol:   method setOption4(java.lang.String)
  location: variable q of type com.example.exam.model.Question
[ERROR] /D:/online-exam-system-master/online-exam-system-master/src/main/java/com/example/exam/service/QuestionGeneratorService.java:[99,14] cannot find symbol
  symbol:   method setCorrectAnswer(int)
  location: variable q of type com.example.exam.model.Question
[ERROR] /D:/online-exam-system-master/online-exam-system-master/src/main/java/com/example/exam/service/QuestionGeneratorService.java:[100,14] cannot find symbol
  symbol:   method setMarks(int)
  location: variable q of type com.example.exam.model.Question
[ERROR] /D:/online-exam-system-master/online-exam-system-master/src/main/java/com/example/exam/service/QuestionGeneratorService.java:[101,14] cannot find symbol
  symbol:   method setDifficulty(java.lang.String)
  location: variable q of type com.example.exam.model.Question
[ERROR] /D:/online-exam-system-master/online-exam-system-master/src/main/java/com/example/exam/service/QuestionGeneratorService.java:[109,10] cannot find symbol
  symbol:   method setText(java.lang.String)
  location: variable q of type com.example.exam.model.Question
[ERROR] /D:/online-exam-system-master/online-exam-system-master/src/main/java/com/example/exam/service/QuestionGeneratorService.java:[110,10] cannot find symbol
  symbol:   method setOption1(java.lang.String)
  location: variable q of type com.example.exam.model.Question
[ERROR] /D:/online-exam-system-master/online-exam-system-master/src/main/java/com/example/exam/service/QuestionGeneratorService.java:[111,10] cannot find symbol
  symbol:   method setOption2(java.lang.String)
  location: variable q of type com.example.exam.model.Question
[ERROR] /D:/online-exam-system-master/online-exam-system-master/src/main/java/com/example/exam/service/QuestionGeneratorService.java:[112,10] cannot find symbol
  symbol:   method setOption3(java.lang.String)
  location: variable q of type com.example.exam.model.Question
[ERROR] /D:/online-exam-system-master/online-exam-system-master/src/main/java/com/example/exam/service/QuestionGeneratorService.java:[113,10] cannot find symbol
  symbol:   method setOption4(java.lang.String)
  location: variable q of type com.example.exam.model.Question
[ERROR] /D:/online-exam-system-master/online-exam-system-master/src/main/java/com/example/exam/service/QuestionGeneratorService.java:[114,10] cannot find symbol
  symbol:   method setCorrectAnswer(int)
  location: variable q of type com.example.exam.model.Question
[ERROR] /D:/online-exam-system-master/online-exam-system-master/src/main/java/com/example/exam/service/QuestionGeneratorService.java:[115,10] cannot find symbol
  symbol:   method setMarks(int)
  location: variable q of type com.example.exam.model.Question
[ERROR] /D:/online-exam-system-master/online-exam-system-master/src/main/java/com/example/exam/service/QuestionGeneratorService.java:[116,10] cannot find symbol
  symbol:   method setDifficulty(java.lang.String)
  location: variable q of type com.example.exam.model.Question
[ERROR] /D:/online-exam-system-master/online-exam-system-master/src/main/java/com/example/exam/controller/ExamController.java:[53,40] cannot find symbol
  symbol:   method getQuestions()
  location: variable exam of type com.example.exam.model.Exam
[ERROR] /D:/online-exam-system-master/online-exam-system-master/src/main/java/com/example/exam/controller/ExamController.java:[87,38] cannot find symbol
  symbol:   method getQuestions()
  location: variable exam of type com.example.exam.model.Exam
[ERROR] /D:/online-exam-system-master/online-exam-system-master/src/main/java/com/example/exam/controller/ExamController.java:[88,35] cannot find symbol
  symbol:   method getMarks()
  location: variable question of type com.example.exam.model.Question
[ERROR] /D:/online-exam-system-master/online-exam-system-master/src/main/java/com/example/exam/controller/ExamController.java:[89,47] cannot find symbol
  symbol:   method getId()
  location: variable question of type com.example.exam.model.Question
[ERROR] /D:/online-exam-system-master/online-exam-system-master/src/main/java/com/example/exam/controller/ExamController.java:[100,47] cannot find symbol
  symbol:   method getCorrectAnswer()
  location: variable question of type com.example.exam.model.Question
[ERROR] /D:/online-exam-system-master/online-exam-system-master/src/main/java/com/example/exam/controller/ExamController.java:[101,46] cannot find symbol
  symbol:   method getMarks()
  location: variable question of type com.example.exam.model.Question
[ERROR] /D:/online-exam-system-master/online-exam-system-master/src/main/java/com/example/exam/controller/ReviewController.java:[44,52] cannot find symbol
  symbol:   method getQuestions()
  location: class com.example.exam.model.Exam
[ERROR] /D:/online-exam-system-master/online-exam-system-master/src/main/java/com/example/exam/controller/ReviewController.java:[51,55] cannot find symbol
  symbol:   method getId()
  location: class com.example.exam.model.Question
[ERROR] /D:/online-exam-system-master/online-exam-system-master/src/main/java/com/example/exam/controller/AdminController.java:[68,22] invalid method reference
  cannot find symbol
    symbol:   method getTitle()
    location: class com.example.exam.model.Exam
[ERROR] /D:/online-exam-system-master/online-exam-system-master/src/main/java/com/example/exam/controller/AdminController.java:[71,34] cannot find symbol
  symbol:   method getResults()
  location: variable exam of type com.example.exam.model.Exam
[ERROR] /D:/online-exam-system-master/online-exam-system-master/src/main/java/com/example/exam/controller/AdminController.java:[72,25] incompatible types: inference variable T has incompatible bounds
    equality constraints: java.lang.Integer
    lower bounds: java.lang.Object
[ERROR] /D:/online-exam-system-master/online-exam-system-master/src/main/java/com/example/exam/controller/AdminController.java:[106,17] cannot find symbol
  symbol:   method setExam(com.example.exam.model.Exam)
  location: variable question of type com.example.exam.model.Question
[ERROR] /D:/online-exam-system-master/online-exam-system-master/src/main/java/com/example/exam/controller/AdminController.java:[120,17] cannot find symbol
  symbol:   method setExam(com.example.exam.model.Exam)
  location: variable question of type com.example.exam.model.Question
[ERROR] /D:/online-exam-system-master/online-exam-system-master/src/main/java/com/example/exam/controller/AdminController.java:[168,42] cannot find symbol
  symbol:   method getTitle()
  location: variable updatedExam of type com.example.exam.model.Exam
[ERROR] /D:/online-exam-system-master/online-exam-system-master/src/main/java/com/example/exam/controller/AdminController.java:[169,54] cannot find symbol
  symbol:   method getDurationInMinutes()
  location: variable updatedExam of type com.example.exam.model.Exam
[ERROR] /D:/online-exam-system-master/online-exam-system-master/src/main/java/com/example/exam/controller/AdminController.java:[180,45] cannot find symbol
  symbol:   method getQuestions()
  location: variable exam of type com.example.exam.model.Exam
[ERROR] /D:/online-exam-system-master/online-exam-system-master/src/main/java/com/example/exam/controller/AdminController.java:[197,49] cannot find symbol
  symbol:   method getText()
  location: variable updatedQuestion of type com.example.exam.model.Question
[ERROR] /D:/online-exam-system-master/online-exam-system-master/src/main/java/com/example/exam/controller/AdminController.java:[198,52] cannot find symbol
  symbol:   method getOption1()
  location: variable updatedQuestion of type com.example.exam.model.Question
[ERROR] /D:/online-exam-system-master/online-exam-system-master/src/main/java/com/example/exam/controller/AdminController.java:[199,52] cannot find symbol
  symbol:   method getOption2()
  location: variable updatedQuestion of type com.example.exam.model.Question
[ERROR] /D:/online-exam-system-master/online-exam-system-master/src/main/java/com/example/exam/controller/AdminController.java:[200,52] cannot find symbol
  symbol:   method getOption3()
  location: variable updatedQuestion of type com.example.exam.model.Question
[ERROR] /D:/online-exam-system-master/online-exam-system-master/src/main/java/com/example/exam/controller/AdminController.java:[201,52] cannot find symbol
  symbol:   method getOption4()
  location: variable updatedQuestion of type com.example.exam.model.Question
[ERROR] /D:/online-exam-system-master/online-exam-system-master/src/main/java/com/example/exam/controller/AdminController.java:[202,58] cannot find symbol
  symbol:   method getCorrectAnswer()
  location: variable updatedQuestion of type com.example.exam.model.Question
[ERROR] /D:/online-exam-system-master/online-exam-system-master/src/main/java/com/example/exam/controller/AdminController.java:[203,50] cannot find symbol
  symbol:   method getMarks()
  location: variable updatedQuestion of type com.example.exam.model.Question
[ERROR] /D:/online-exam-system-master/online-exam-system-master/src/main/java/com/example/exam/controller/AdminController.java:[207,75] cannot find symbol
  symbol:   method getExam()
  location: variable existingQuestion of type com.example.exam.model.Question
[ERROR] /D:/online-exam-system-master/online-exam-system-master/src/main/java/com/example/exam/controller/AdminController.java:[324,17] cannot find symbol
  symbol:   method setDurationInMinutes(int)
  location: variable exam of type com.example.exam.model.Exam
[ERROR] /D:/online-exam-system-master/online-exam-system-master/src/main/java/com/example/exam/controller/AdminController.java:[328,18] cannot find symbol
  symbol:   method setExam(com.example.exam.model.Exam)
  location: variable q of type com.example.exam.model.Question
[INFO] 46 errors 
[INFO] -------------------------------------------------------------
[INFO] ------------------------------------------------------------------------
[INFO] BUILD FAILURE
[INFO] ------------------------------------------------------------------------
[INFO] Total time:  4.210 s
[INFO] Finished at: 2026-03-11T08:40:43+05:30
[INFO] ------------------------------------------------------------------------
[ERROR] Failed to execute goal org.apache.maven.plugins:maven-compiler-plugin:3.11.0:compile (default-compile) on project online-exam: Compilation failure: Compilation failure: 
[ERROR] /D:/online-exam-system-master/online-exam-system-master/src/main/java/com/example/exam/controller/StudentController.java:[92,38] cannot find symbol
[ERROR]   symbol:   method getTitle()
[ERROR]   location: class com.example.exam.model.Exam
[ERROR] /D:/online-exam-system-master/online-exam-system-master/src/main/java/com/example/exam/controller/StudentController.java:[93,25] incompatible types: inference variable T has incompatible bounds
[ERROR]     equality constraints: java.lang.String
[ERROR]     lower bounds: java.lang.Object
[ERROR] /D:/online-exam-system-master/online-exam-system-master/src/main/java/com/example/exam/controller/ExaminerController.java:[87,17] cannot find symbol
[ERROR]   symbol:   method setDurationInMinutes(int)
[ERROR]   location: variable exam of type com.example.exam.model.Exam
[ERROR] /D:/online-exam-system-master/online-exam-system-master/src/main/java/com/example/exam/controller/ExaminerController.java:[92,18] cannot find symbol
[ERROR]   symbol:   method setExam(com.example.exam.model.Exam)
[ERROR]   location: variable q of type com.example.exam.model.Question
[ERROR] /D:/online-exam-system-master/online-exam-system-master/src/main/java/com/example/exam/service/QuestionGeneratorService.java:[94,14] cannot find symbol
[ERROR]   symbol:   method setText(java.lang.String)
[ERROR]   location: variable q of type com.example.exam.model.Question
[ERROR] /D:/online-exam-system-master/online-exam-system-master/src/main/java/com/example/exam/service/QuestionGeneratorService.java:[95,14] cannot find symbol
[ERROR]   symbol:   method setOption1(java.lang.String)
[ERROR]   location: variable q of type com.example.exam.model.Question
[ERROR] /D:/online-exam-system-master/online-exam-system-master/src/main/java/com/example/exam/service/QuestionGeneratorService.java:[96,14] cannot find symbol
[ERROR]   symbol:   method setOption2(java.lang.String)
[ERROR]   location: variable q of type com.example.exam.model.Question
[ERROR] /D:/online-exam-system-master/online-exam-system-master/src/main/java/com/example/exam/service/QuestionGeneratorService.java:[97,14] cannot find symbol
[ERROR]   symbol:   method setOption3(java.lang.String)
[ERROR]   location: variable q of type com.example.exam.model.Question
[ERROR] /D:/online-exam-system-master/online-exam-system-master/src/main/java/com/example/exam/service/QuestionGeneratorService.java:[98,14] cannot find symbol
[ERROR]   symbol:   method setOption4(java.lang.String)
[ERROR]   location: variable q of type com.example.exam.model.Question
[ERROR] /D:/online-exam-system-master/online-exam-system-master/src/main/java/com/example/exam/service/QuestionGeneratorService.java:[99,14] cannot find symbol
[ERROR]   symbol:   method setCorrectAnswer(int)
[ERROR]   location: variable q of type com.example.exam.model.Question
[ERROR] /D:/online-exam-system-master/online-exam-system-master/src/main/java/com/example/exam/service/QuestionGeneratorService.java:[100,14] cannot find symbol
[ERROR]   symbol:   method setMarks(int)
[ERROR]   location: variable q of type com.example.exam.model.Question
[ERROR] /D:/online-exam-system-master/online-exam-system-master/src/main/java/com/example/exam/service/QuestionGeneratorService.java:[101,14] cannot find symbol
[ERROR]   symbol:   method setDifficulty(java.lang.String)
[ERROR]   location: variable q of type com.example.exam.model.Question
[ERROR] /D:/online-exam-system-master/online-exam-system-master/src/main/java/com/example/exam/service/QuestionGeneratorService.java:[109,10] cannot find symbol
[ERROR]   symbol:   method setText(java.lang.String)
[ERROR]   location: variable q of type com.example.exam.model.Question
[ERROR] /D:/online-exam-system-master/online-exam-system-master/src/main/java/com/example/exam/service/QuestionGeneratorService.java:[110,10] cannot find symbol
[ERROR]   symbol:   method setOption1(java.lang.String)
[ERROR]   location: variable q of type com.example.exam.model.Question
[ERROR] /D:/online-exam-system-master/online-exam-system-master/src/main/java/com/example/exam/service/QuestionGeneratorService.java:[111,10] cannot find symbol
[ERROR]   symbol:   method setOption2(java.lang.String)
[ERROR]   location: variable q of type com.example.exam.model.Question
[ERROR] /D:/online-exam-system-master/online-exam-system-master/src/main/java/com/example/exam/service/QuestionGeneratorService.java:[112,10] cannot find symbol
[ERROR]   symbol:   method setOption3(java.lang.String)
[ERROR]   location: variable q of type com.example.exam.model.Question
[ERROR] /D:/online-exam-system-master/online-exam-system-master/src/main/java/com/example/exam/service/QuestionGeneratorService.java:[113,10] cannot find symbol
[ERROR]   symbol:   method setOption4(java.lang.String)
[ERROR]   location: variable q of type com.example.exam.model.Question
[ERROR] /D:/online-exam-system-master/online-exam-system-master/src/main/java/com/example/exam/service/QuestionGeneratorService.java:[114,10] cannot find symbol
[ERROR]   symbol:   method setCorrectAnswer(int)
[ERROR]   location: variable q of type com.example.exam.model.Question
[ERROR] /D:/online-exam-system-master/online-exam-system-master/src/main/java/com/example/exam/service/QuestionGeneratorService.java:[115,10] cannot find symbol
[ERROR]   symbol:   method setMarks(int)
[ERROR]   location: variable q of type com.example.exam.model.Question
[ERROR] /D:/online-exam-system-master/online-exam-system-master/src/main/java/com/example/exam/service/QuestionGeneratorService.java:[116,10] cannot find symbol
[ERROR]   symbol:   method setDifficulty(java.lang.String)
[ERROR]   location: variable q of type com.example.exam.model.Question
[ERROR] /D:/online-exam-system-master/online-exam-system-master/src/main/java/com/example/exam/controller/ExamController.java:[53,40] cannot find symbol
[ERROR]   symbol:   method getQuestions()
[ERROR]   location: variable exam of type com.example.exam.model.Exam
[ERROR] /D:/online-exam-system-master/online-exam-system-master/src/main/java/com/example/exam/controller/ExamController.java:[87,38] cannot find symbol
[ERROR]   symbol:   method getQuestions()
[ERROR]   location: variable exam of type com.example.exam.model.Exam
[ERROR] /D:/online-exam-system-master/online-exam-system-master/src/main/java/com/example/exam/controller/ExamController.java:[88,35] cannot find symbol
[ERROR]   symbol:   method getMarks()
[ERROR]   location: variable question of type com.example.exam.model.Question
[ERROR] /D:/online-exam-system-master/online-exam-system-master/src/main/java/com/example/exam/controller/ExamController.java:[89,47] cannot find symbol
[ERROR]   symbol:   method getId()
[ERROR]   location: variable question of type com.example.exam.model.Question
[ERROR] /D:/online-exam-system-master/online-exam-system-master/src/main/java/com/example/exam/controller/ExamController.java:[100,47] cannot find symbol
[ERROR]   symbol:   method getCorrectAnswer()
[ERROR]   location: variable question of type com.example.exam.model.Question
[ERROR] /D:/online-exam-system-master/online-exam-system-master/src/main/java/com/example/exam/controller/ExamController.java:[101,46] cannot find symbol
[ERROR]   symbol:   method getMarks()
[ERROR]   location: variable question of type com.example.exam.model.Question
[ERROR] /D:/online-exam-system-master/online-exam-system-master/src/main/java/com/example/exam/controller/ReviewController.java:[44,52] cannot find symbol
[ERROR]   symbol:   method getQuestions()
[ERROR]   location: class com.example.exam.model.Exam
[ERROR] /D:/online-exam-system-master/online-exam-system-master/src/main/java/com/example/exam/controller/ReviewController.java:[51,55] cannot find symbol
[ERROR]   symbol:   method getId()
[ERROR]   location: class com.example.exam.model.Question
[ERROR] /D:/online-exam-system-master/online-exam-system-master/src/main/java/com/example/exam/controller/AdminController.java:[68,22] invalid method reference
[ERROR]   cannot find symbol
[ERROR]     symbol:   method getTitle()
[ERROR]     location: class com.example.exam.model.Exam
[ERROR] /D:/online-exam-system-master/online-exam-system-master/src/main/java/com/example/exam/controller/AdminController.java:[71,34] cannot find symbol
[ERROR]   symbol:   method getResults()
[ERROR]   location: variable exam of type com.example.exam.model.Exam
[ERROR] /D:/online-exam-system-master/online-exam-system-master/src/main/java/com/example/exam/controller/AdminController.java:[72,25] incompatible types: inference variable T has incompatible bounds
[ERROR]     equality constraints: java.lang.Integer
[ERROR]     lower bounds: java.lang.Object
[ERROR] /D:/online-exam-system-master/online-exam-system-master/src/main/java/com/example/exam/controller/AdminController.java:[106,17] cannot find symbol
[ERROR]   symbol:   method setExam(com.example.exam.model.Exam)
[ERROR]   location: variable question of type com.example.exam.model.Question
[ERROR] /D:/online-exam-system-master/online-exam-system-master/src/main/java/com/example/exam/controller/AdminController.java:[120,17] cannot find symbol
[ERROR]   symbol:   method setExam(com.example.exam.model.Exam)
[ERROR]   location: variable question of type com.example.exam.model.Question
[ERROR] /D:/online-exam-system-master/online-exam-system-master/src/main/java/com/example/exam/controller/AdminController.java:[168,42] cannot find symbol
[ERROR]   symbol:   method getTitle()
[ERROR]   location: variable updatedExam of type com.example.exam.model.Exam
[ERROR] /D:/online-exam-system-master/online-exam-system-master/src/main/java/com/example/exam/controller/AdminController.java:[169,54] cannot find symbol
[ERROR]   symbol:   method getDurationInMinutes()
[ERROR]   location: variable updatedExam of type com.example.exam.model.Exam
[ERROR] /D:/online-exam-system-master/online-exam-system-master/src/main/java/com/example/exam/controller/AdminController.java:[180,45] cannot find symbol
[ERROR]   symbol:   method getQuestions()
[ERROR]   location: variable exam of type com.example.exam.model.Exam
[ERROR] /D:/online-exam-system-master/online-exam-system-master/src/main/java/com/example/exam/controller/AdminController.java:[197,49] cannot find symbol
[ERROR]   symbol:   method getText()
[ERROR]   location: variable updatedQuestion of type com.example.exam.model.Question
[ERROR] /D:/online-exam-system-master/online-exam-system-master/src/main/java/com/example/exam/controller/AdminController.java:[198,52] cannot find symbol
[ERROR]   symbol:   method getOption1()
[ERROR]   location: variable updatedQuestion of type com.example.exam.model.Question
[ERROR] /D:/online-exam-system-master/online-exam-system-master/src/main/java/com/example/exam/controller/AdminController.java:[199,52] cannot find symbol
[ERROR]   symbol:   method getOption2()
[ERROR]   location: variable updatedQuestion of type com.example.exam.model.Question
[ERROR] /D:/online-exam-system-master/online-exam-system-master/src/main/java/com/example/exam/controller/AdminController.java:[200,52] cannot find symbol
[ERROR]   symbol:   method getOption3()
[ERROR]   location: variable updatedQuestion of type com.example.exam.model.Question
[ERROR] /D:/online-exam-system-master/online-exam-system-master/src/main/java/com/example/exam/controller/AdminController.java:[201,52] cannot find symbol
[ERROR]   symbol:   method getOption4()
[ERROR]   location: variable updatedQuestion of type com.example.exam.model.Question
[ERROR] /D:/online-exam-system-master/online-exam-system-master/src/main/java/com/example/exam/controller/AdminController.java:[202,58] cannot find symbol
[ERROR]   symbol:   method getCorrectAnswer()
[ERROR]   location: variable updatedQuestion of type com.example.exam.model.Question
[ERROR] /D:/online-exam-system-master/online-exam-system-master/src/main/java/com/example/exam/controller/AdminController.java:[203,50] cannot find symbol
[ERROR]   symbol:   method getMarks()
[ERROR]   location: variable updatedQuestion of type com.example.exam.model.Question
[ERROR] /D:/online-exam-system-master/online-exam-system-master/src/main/java/com/example/exam/controller/AdminController.java:[207,75] cannot find symbol
[ERROR]   symbol:   method getExam()
[ERROR]   location: variable existingQuestion of type com.example.exam.model.Question
[ERROR] /D:/online-exam-system-master/online-exam-system-master/src/main/java/com/example/exam/controller/AdminController.java:[324,17] cannot find symbol
[ERROR]   symbol:   method setDurationInMinutes(int)
[ERROR]   location: variable exam of type com.example.exam.model.Exam
[ERROR] /D:/online-exam-system-master/online-exam-system-master/src/main/java/com/example/exam/controller/AdminController.java:[328,18] cannot find symbol
[ERROR]   symbol:   method setExam(com.example.exam.model.Exam)
[ERROR]   location: variable q of type com.example.exam.model.Question
[ERROR] -> [Help 1]
[ERROR] 
[ERROR] To see the full stack trace of the errors, re-run Maven with the -e switch.
[ERROR] Re-run Maven using the -X switch to enable full debug logging.
[ERROR] 
[ERROR] For more information about the errors and possible solutions, please read the following articles:
[ERROR] [Help 1] http://cwiki.apache.org/confluence/display/MAVEN/MojoFailureException
