./mvnw : WARNING: A 
terminally deprecated 
method in 
sun.misc.Unsafe has 
been called
At line:1 char:1
+ ./mvnw compile > 
compile_output.txt 2>&1
+ ~~~~~~~~~~~~~~~~~~~~~
~~~~~~~~~~~~~~~~~~~
    + CategoryInfo     
         : NotSpecifi  
  ed: (WARNING: A te   
 rm...has been call    
ed:String) [], Rem    
oteException
    + FullyQualifiedEr 
   rorId : NativeComm  
  andError
 
WARNING: sun.misc.Unsaf
e::staticFieldBase has 
been called by com.goog
le.inject.internal.aop.
HiddenClassDefiner (fil
e:/C:/Users/prava/.m2/w
rapper/dists/apache-mav
en-3.9.11/03d7e36a14098
2eea48e22c1dcac01d8862b
2550b2939e09a0809bbc518
2a5bc/lib/guice-5.1.0-c
lasses.jar)
WARNING: Please 
consider reporting 
this to the 
maintainers of class co
m.google.inject.interna
l.aop.HiddenClassDefine
r
WARNING: sun.misc.Unsaf
e::staticFieldBase 
will be removed in a 
future release
[INFO] Scanning for projects...
[INFO] 
[INFO] ----------------------< com.example:online-exam >-----------------------
[INFO] Building online-exam 0.0.1-SNAPSHOT
[INFO]   from pom.xml
[INFO] --------------------------------[ jar ]---------------------------------
[INFO] 
[INFO] --- resources:3.3.1:resources (default-resources) @ online-exam ---
[INFO] Copying 1 resource from src\main\resources to target\classes
[INFO] Copying 27 resources from src\main\resources to target\classes
[INFO] 
[INFO] --- compiler:3.11.0:compile (default-compile) @ online-exam ---
[INFO] Nothing to compile - all classes are up to date
[INFO] ------------------------------------------------------------------------
[INFO] BUILD SUCCESS
[INFO] ------------------------------------------------------------------------
[INFO] Total time:  2.655 s
[INFO] Finished at: 2026-03-11T08:50:23+05:30
[INFO] ------------------------------------------------------------------------
